// Vitest Snapshot v1, https://vitest.dev/guide/snapshot.html

exports[`ReviewSection Component > matches snapshot 1`] = `
<DocumentFragment>
  <section
    class="reviews"
  >
    <h2>
      There are no reviews yet for this car
    </h2>
    <section
      class="current-user-review"
    >
      <p>
         Your review: 
      </p>
      <div>
        <section
          class="starRating"
          data-testid="star-rating"
        >
          <button
            aria-label="1 star rating"
            class="star"
            disabled=""
            style="height: auto; width: 30px; color: rgb(216, 161, 39);"
          >
            <svg
              aria-label="star"
              fill="currentColor"
              role="img"
              viewBox="0 0 16 16"
              xmlns="http://www.w3.org/2000/svg"
            >
              <path
                d="M3.612 15.443c-.386.198-.824-.149-.746-.592l.83-4.73L.173 6.765c-.329-.314-.158-.888.283-.95l4.898-.696L7.538.792c.197-.39.73-.39.927 0l2.184 4.327 4.898.696c.441.062.612.636.282.95l-3.522 3.356.83 4.73c.078.443-.36.79-.746.592L8 13.187l-4.389 2.256z"
              />
            </svg>
          </button>
          <button
            aria-label="2 star rating"
            class="star"
            disabled=""
            style="height: auto; width: 30px; color: rgb(216, 161, 39);"
          >
            <svg
              aria-label="star"
              fill="currentColor"
              role="img"
              viewBox="0 0 16 16"
              xmlns="http://www.w3.org/2000/svg"
            >
              <path
                d="M3.612 15.443c-.386.198-.824-.149-.746-.592l.83-4.73L.173 6.765c-.329-.314-.158-.888.283-.95l4.898-.696L7.538.792c.197-.39.73-.39.927 0l2.184 4.327 4.898.696c.441.062.612.636.282.95l-3.522 3.356.83 4.73c.078.443-.36.79-.746.592L8 13.187l-4.389 2.256z"
              />
            </svg>
          </button>
          <button
            aria-label="3 star rating"
            class="star"
            disabled=""
            style="height: auto; width: 30px; color: rgb(216, 161, 39);"
          >
            <svg
              aria-label="star"
              fill="currentColor"
              role="img"
              viewBox="0 0 16 16"
              xmlns="http://www.w3.org/2000/svg"
            >
              <path
                d="M3.612 15.443c-.386.198-.824-.149-.746-.592l.83-4.73L.173 6.765c-.329-.314-.158-.888.283-.95l4.898-.696L7.538.792c.197-.39.73-.39.927 0l2.184 4.327 4.898.696c.441.062.612.636.282.95l-3.522 3.356.83 4.73c.078.443-.36.79-.746.592L8 13.187l-4.389 2.256z"
              />
            </svg>
          </button>
          <button
            aria-label="4 star rating"
            class="star"
            disabled=""
            style="height: auto; width: 30px; color: rgb(216, 161, 39);"
          >
            <svg
              aria-label="star"
              fill="currentColor"
              role="img"
              viewBox="0 0 16 16"
              xmlns="http://www.w3.org/2000/svg"
            >
              <path
                d="M3.612 15.443c-.386.198-.824-.149-.746-.592l.83-4.73L.173 6.765c-.329-.314-.158-.888.283-.95l4.898-.696L7.538.792c.197-.39.73-.39.927 0l2.184 4.327 4.898.696c.441.062.612.636.282.95l-3.522 3.356.83 4.73c.078.443-.36.79-.746.592L8 13.187l-4.389 2.256z"
              />
            </svg>
          </button>
          <button
            aria-label="5 star rating"
            class="star"
            disabled=""
            style="height: auto; width: 30px; color: rgb(216, 161, 39);"
          >
            <svg
              aria-label="star"
              fill="currentColor"
              role="img"
              viewBox="0 0 16 16"
              xmlns="http://www.w3.org/2000/svg"
            >
              <path
                d="M3.612 15.443c-.386.198-.824-.149-.746-.592l.83-4.73L.173 6.765c-.329-.314-.158-.888.283-.95l4.898-.696L7.538.792c.197-.39.73-.39.927 0l2.184 4.327 4.898.696c.441.062.612.636.282.95l-3.522 3.356.83 4.73c.078.443-.36.79-.746.592L8 13.187l-4.389 2.256z"
              />
            </svg>
          </button>
        </section>
        <p>
          Test review
        </p>
      </div>
      <u
        class="delete-review"
      >
        delete
      </u>
    </section>
  </section>
</DocumentFragment>
`;
